// Jest Snapshot v1, https://goo.gl/fbAQLP

exports[`<Headline /> renders correctly 1`] = `
<div
  className="makeStyles-categoryWrapper-1"
>
  <div
    className="MuiChip-root makeStyles-chip-2 MuiChip-clickable"
    onClick={[Function]}
    onKeyDown={[Function]}
    onKeyUp={[Function]}
    role="button"
    tabIndex={0}
  >
    <span
      className="MuiChip-label"
    >
      Sports
    </span>
  </div>
  <div
    className="MuiChip-root makeStyles-chip-2 MuiChip-clickable"
    onClick={[Function]}
    onKeyDown={[Function]}
    onKeyUp={[Function]}
    role="button"
    tabIndex={0}
  >
    <span
      className="MuiChip-label"
    >
      Tech
    </span>
  </div>
</div>
`;
